[jpg2pdf.com/index.html]
[backblue.gif]
[fade.gif]
[index.html]
[jpg2pdf.com/images/jpg2pdf/icon.png]
[jpg2pdf.com/images/jpg2pdf/favicon.png]
[jpg2pdf.com/css/style9bf3.css]
[jpg2pdf.com/js/polyfilleccb.js]
[jpg2pdf.com/de/index.html]
[pagead2.googlesyndication.com/pagead/js/f37f5.txt]
[jpg2pdf.com/terms.html]
[jpg2pdf.com/es/index.html]
[jpg2pdf.com/fr/index.html]
[jpg2pdf.com/js/Bindc81e.js]
[jpg2pdf.com/js/Appc81e.js]
[jpg2pdf.com/js/common.min8f14.js]
[jpg2pdf.com/css/endaab3.css]
[jpg2pdf.com/id/index.html]
[jpg2pdf.com/index.html]
[jpg2pdf.com/images/jpg2pdf/favicon.svg]
[jpg2pdf.com/css/style9bf3.css]
[jpg2pdf.com/js/focus-visible.minc81e.js]
[jpg2pdf.com/de/index.html]
[jpg2pdf.com/it/index.html]
[jpg2pdf.com/ja/index.html]
[jpg2pdf.com/ko/index.html]
[jpg2pdf.com/es/index.html]
[jpg2pdf.com/nl/index.html]
[jpg2pdf.com/pl/index.html]
[jpg2pdf.com/fr/index.html]
[jpg2pdf.com/ru/index.html]
[jpg2pdf.com/pt/index.html]
[jpg2pdf.com/id/index.html]
[jpg2pdf.com/tr/index.html]
[jpg2pdf.com/it/index.html]
[jpg2pdf.com/ja/index.html]
[jpg2pdf.com/ko/index.html]
[jpg2pdf.com/nl/index.html]
[jpg2pdf.com/pl/index.html]
[jpg2pdf.com/pt/index.html]
[jpg2pdf.com/ru/index.html]
[jpg2pdf.com/tr/index.html]
[jpg2pdf.com/uk/index.html]
[jpg2pdf.com/uk/index.html]
[jpg2pdf.com/zh/index.html]
[jpg2pdf.com/vi/index.html]
[jpg2pdf.com/vi/index.html]
[jpg2pdf.com/zh/index.html]
[jpg2pdf.com/images/jpg2pdf/logo.svg]
[jpg2pdf.com/terms.html]
[jpg2pdf.com/css/endaab3.css]
